anneal n=10 starts=200 workers=15 base_seed=2026 record=3.7071067811865475244008443621048490392848359376885 s0=3.892462 save_below=3.718228
config {'n': 10, 's0': 3.892462120245875, 't0': 0.01, 't_ratio': 1e-08, 'stage_sweeps': 2000, 'max_sweeps': 1000000, 'retries': 4, 'reset_ladder': 1, 'e_tol': 1e-10, 'shrink': 0.01, 'min_shrink': 1e-07, 'grow_limit': 1.15, 'p_trans': 0.35, 'p_rot': 0.2, 'p_both': 0.35, 'p_swap': 0.09, 'p_rand': 0.01, 'p_bias': 0.5, 'mode': 'ladder', 'mu': 0.5, 'press_sweeps': 200000, 'press_t0': 0.05, 'press_t1': 1e-08, 'p_s': 0.0, 'fin_t0': 1e-06, 'fin_shrink': 0.0001, 'seed_from': None, 'perturb': 0.0}
[1/200] seed 2040 s=3.767769795 pen=0.0e+00 moves=1.00e+07 3.4s *best
[2/200] seed 2034 s=4.000015363 pen=0.0e+00 moves=1.00e+07 3.5s
[3/200] seed 2038 s=3.767773068 pen=0.0e+00 moves=1.00e+07 3.5s
[4/200] seed 2027 s=4.000021466 pen=0.0e+00 moves=1.00e+07 3.6s
[5/200] seed 2036 s=3.767767865 pen=0.0e+00 moves=1.00e+07 3.7s *best
[6/200] seed 2030 s=4.000022993 pen=0.0e+00 moves=1.00e+07 3.7s
[7/200] seed 2031 s=3.707114497 pen=0.0e+00 moves=1.00e+07 3.7s *best saved n10_s3.707114497_seed2031.json
[8/200] seed 2026 s=4.000009556 pen=0.0e+00 moves=1.00e+07 3.7s
[9/200] seed 2032 s=3.707107118 pen=0.0e+00 moves=1.00e+07 3.7s *best saved n10_s3.707107118_seed2032.json
[10/200] seed 2029 s=4.000007124 pen=0.0e+00 moves=1.00e+07 3.8s
[11/200] seed 2033 s=3.707112405 pen=0.0e+00 moves=1.00e+07 3.9s saved n10_s3.707112405_seed2033.json
[12/200] seed 2039 s=4.000006810 pen=0.0e+00 moves=1.00e+07 3.9s
[13/200] seed 2035 s=3.707107033 pen=0.0e+00 moves=1.00e+07 3.9s *best saved n10_s3.707107033_seed2035.json
[14/200] seed 2037 s=4.000014439 pen=0.0e+00 moves=1.00e+07 4.0s
[15/200] seed 2028 s=4.000004663 pen=0.0e+00 moves=1.00e+07 4.0s
[16/200] seed 2041 s=3.897231226 pen=0.0e+00 moves=1.00e+07 3.6s
[17/200] seed 2043 s=3.767776317 pen=0.0e+00 moves=1.00e+07 3.7s
[18/200] seed 2042 s=4.000007420 pen=0.0e+00 moves=1.00e+07 3.9s
[19/200] seed 2050 s=4.000035967 pen=0.0e+00 moves=1.00e+07 3.7s
[20/200] seed 2047 s=3.768118315 pen=0.0e+00 moves=1.00e+07 3.8s
[21/200] seed 2046 s=4.000008946 pen=0.0e+00 moves=1.00e+07 3.9s
[22/200] seed 2044 s=4.000008946 pen=0.0e+00 moves=1.00e+07 3.9s
[23/200] seed 2045 s=4.000004368 pen=0.0e+00 moves=1.00e+07 3.9s
[24/200] seed 2051 s=4.000004374 pen=0.0e+00 moves=1.00e+07 3.7s
[25/200] seed 2052 s=4.000006819 pen=0.0e+00 moves=1.00e+07 3.8s
[26/200] seed 2048 s=4.000002842 pen=0.0e+00 moves=1.00e+07 4.0s
[27/200] seed 2049 s=3.767775719 pen=0.0e+00 moves=1.00e+07 4.0s
[28/200] seed 2054 s=3.707108354 pen=0.0e+00 moves=1.00e+07 3.9s saved n10_s3.707108354_seed2054.json
[29/200] seed 2053 s=4.000003885 pen=0.0e+00 moves=1.00e+07 4.0s
[30/200] seed 2055 s=4.000002842 pen=0.0e+00 moves=1.00e+07 4.0s
[31/200] seed 2056 s=4.000036115 pen=0.0e+00 moves=1.00e+07 3.4s
[32/200] seed 2058 s=3.767770928 pen=0.0e+00 moves=1.00e+07 3.4s
[33/200] seed 2057 s=3.768117726 pen=0.0e+00 moves=1.00e+07 3.6s
[34/200] seed 2068 s=4.000011692 pen=0.0e+00 moves=1.00e+07 3.4s
[35/200] seed 2060 s=3.707107152 pen=0.0e+00 moves=1.00e+07 3.8s saved n10_s3.707107152_seed2060.json
[36/200] seed 2066 s=4.000045578 pen=0.0e+00 moves=1.00e+07 3.5s
[37/200] seed 2062 s=4.000000096 pen=2.9e-11 moves=1.00e+07 3.8s
[38/200] seed 2063 s=4.000003147 pen=0.0e+00 moves=1.00e+07 3.8s
[39/200] seed 2069 s=3.771190609 pen=0.0e+00 moves=1.00e+07 3.5s
[40/200] seed 2059 s=4.000002842 pen=0.0e+00 moves=1.00e+07 4.0s
[41/200] seed 2061 s=4.000002537 pen=0.0e+00 moves=1.00e+07 4.0s
[42/200] seed 2065 s=4.000008641 pen=0.0e+00 moves=1.00e+07 4.0s
[43/200] seed 2064 s=3.707113405 pen=0.0e+00 moves=1.00e+07 4.0s saved n10_s3.707113405_seed2064.json
[44/200] seed 2070 s=4.000004978 pen=0.0e+00 moves=1.00e+07 3.6s
[45/200] seed 2067 s=3.707107012 pen=0.0e+00 moves=1.00e+07 4.0s *best saved n10_s3.707107012_seed2067.json
[46/200] seed 2071 s=4.000005284 pen=0.0e+00 moves=1.00e+07 3.6s
[47/200] seed 2072 s=3.707107746 pen=0.0e+00 moves=1.00e+07 3.8s saved n10_s3.707107746_seed2072.json
[48/200] seed 2073 s=4.000026962 pen=0.0e+00 moves=1.00e+07 4.0s
[49/200] seed 2074 s=3.822876794 pen=0.0e+00 moves=1.00e+07 3.6s
[50/200] seed 2081 s=3.767769903 pen=0.0e+00 moves=1.00e+07 3.4s
[51/200] seed 2076 s=3.707107841 pen=0.0e+00 moves=1.00e+07 3.7s saved n10_s3.707107841_seed2076.json
[52/200] seed 2078 s=4.000030446 pen=0.0e+00 moves=1.00e+07 3.6s
[53/200] seed 2075 s=4.000035666 pen=0.0e+00 moves=1.00e+07 3.8s
[54/200] seed 2079 s=4.000063581 pen=0.0e+00 moves=1.00e+07 3.7s
[55/200] seed 2080 s=3.707110649 pen=0.0e+00 moves=1.00e+07 3.7s saved n10_s3.707110649_seed2080.json
[56/200] seed 2085 s=3.707115732 pen=0.0e+00 moves=1.00e+07 3.5s saved n10_s3.707115732_seed2085.json
[57/200] seed 2082 s=4.000001017 pen=0.0e+00 moves=1.00e+07 3.7s
[58/200] seed 2083 s=4.000007420 pen=0.0e+00 moves=1.00e+07 3.8s
[59/200] seed 2077 s=4.000004374 pen=0.0e+00 moves=1.00e+07 4.2s
[60/200] seed 2084 s=3.707108818 pen=0.0e+00 moves=1.00e+07 4.2s saved n10_s3.707108818_seed2084.json
[61/200] seed 2086 s=4.000031845 pen=0.0e+00 moves=1.00e+07 4.0s
[62/200] seed 2089 s=3.772265234 pen=0.0e+00 moves=1.00e+07 3.8s
[63/200] seed 2087 s=3.772262248 pen=0.0e+00 moves=1.00e+07 4.1s
[64/200] seed 2093 s=4.000015965 pen=0.0e+00 moves=1.00e+07 3.9s
[65/200] seed 2094 s=3.767796565 pen=0.0e+00 moves=1.00e+07 3.8s
[66/200] seed 2090 s=4.000031234 pen=0.0e+00 moves=1.00e+07 4.1s
[67/200] seed 2088 s=3.942810090 pen=0.0e+00 moves=1.00e+07 4.2s
[68/200] seed 2095 s=4.000020245 pen=0.0e+00 moves=1.00e+07 3.9s
[69/200] seed 2097 s=4.000031535 pen=0.0e+00 moves=1.00e+07 3.8s
[70/200] seed 2096 s=4.000005589 pen=0.0e+00 moves=1.00e+07 3.8s
[71/200] seed 2091 s=4.000003147 pen=0.0e+00 moves=1.00e+07 4.2s
[72/200] seed 2098 s=3.728629431 pen=0.0e+00 moves=1.00e+07 3.9s
[73/200] seed 2092 s=3.707109105 pen=0.0e+00 moves=1.00e+07 4.4s saved n10_s3.707109105_seed2092.json
[74/200] seed 2100 s=4.000009257 pen=0.0e+00 moves=1.00e+07 3.9s
[75/200] seed 2099 s=3.767769137 pen=0.0e+00 moves=1.00e+07 4.2s
[76/200] seed 2101 s=4.000006809 pen=0.0e+00 moves=1.00e+07 4.1s
[77/200] seed 2103 s=4.000005490 pen=0.0e+00 moves=1.00e+07 3.9s
[78/200] seed 2102 s=3.707107132 pen=0.0e+00 moves=1.00e+07 4.0s saved n10_s3.707107132_seed2102.json
[79/200] seed 2105 s=4.000006504 pen=0.0e+00 moves=1.00e+07 3.7s
[80/200] seed 2106 s=4.000010166 pen=0.0e+00 moves=1.00e+07 3.8s
[81/200] seed 2109 s=4.000008335 pen=0.0e+00 moves=1.00e+07 3.7s
[82/200] seed 2110 s=4.000004673 pen=0.0e+00 moves=1.00e+07 3.7s
[83/200] seed 2104 s=4.000004368 pen=0.0e+00 moves=1.00e+07 3.9s
[84/200] seed 2108 s=4.000004368 pen=0.0e+00 moves=1.00e+07 4.0s
[85/200] seed 2111 s=3.707107138 pen=0.0e+00 moves=1.00e+07 4.0s saved n10_s3.707107138_seed2111.json
[86/200] seed 2107 s=3.707107108 pen=0.0e+00 moves=1.00e+07 4.2s saved n10_s3.707107108_seed2107.json
[87/200] seed 2112 s=3.707993087 pen=0.0e+00 moves=1.00e+07 4.0s saved n10_s3.707993087_seed2112.json
[88/200] seed 2113 s=4.000009869 pen=0.0e+00 moves=1.00e+07 4.0s
[89/200] seed 2114 s=4.000007420 pen=0.0e+00 moves=1.00e+07 4.0s
[90/200] seed 2115 s=4.000012303 pen=0.0e+00 moves=1.00e+07 4.0s
[91/200] seed 2116 s=3.767767428 pen=0.0e+00 moves=1.00e+07 3.9s
[92/200] seed 2118 s=3.806738541 pen=0.0e+00 moves=1.00e+07 3.6s
[93/200] seed 2120 s=4.000035810 pen=0.0e+00 moves=1.00e+07 3.7s
[94/200] seed 2122 s=4.000006809 pen=0.0e+00 moves=1.00e+07 3.8s
[95/200] seed 2123 s=4.000008946 pen=0.0e+00 moves=1.00e+07 3.8s
[96/200] seed 2124 s=4.000028172 pen=0.0e+00 moves=1.00e+07 3.6s
[97/200] seed 2121 s=3.728586133 pen=0.0e+00 moves=1.00e+07 3.9s
[98/200] seed 2125 s=4.000002232 pen=0.0e+00 moves=1.00e+07 3.7s
[99/200] seed 2119 s=4.000003916 pen=0.0e+00 moves=1.00e+07 4.3s
[100/200] seed 2117 s=3.707107791 pen=0.0e+00 moves=1.00e+07 4.5s saved n10_s3.707107791_seed2117.json
[101/200] seed 2128 s=3.985522738 pen=0.0e+00 moves=1.00e+07 3.9s
[102/200] seed 2127 s=4.000004063 pen=0.0e+00 moves=1.00e+07 4.2s
[103/200] seed 2129 s=3.767772512 pen=0.0e+00 moves=1.00e+07 4.0s
[104/200] seed 2126 s=4.000007428 pen=0.0e+00 moves=1.00e+07 4.4s
[105/200] seed 2130 s=4.000017804 pen=0.0e+00 moves=1.00e+07 4.1s
[106/200] seed 2132 s=3.707109338 pen=6.5e-11 moves=1.00e+07 3.9s saved n10_s3.707109338_seed2132.json
[107/200] seed 2133 s=3.822875813 pen=0.0e+00 moves=1.00e+07 3.7s
[108/200] seed 2131 s=3.707111169 pen=0.0e+00 moves=1.00e+07 4.2s saved n10_s3.707111169_seed2131.json
[109/200] seed 2136 s=4.000009251 pen=0.0e+00 moves=1.00e+07 3.8s
[110/200] seed 2137 s=3.767768262 pen=0.0e+00 moves=1.00e+07 3.9s
[111/200] seed 2135 s=3.707106988 pen=0.0e+00 moves=1.00e+07 3.9s *best saved n10_s3.707106988_seed2135.json
[112/200] seed 2134 s=4.000007115 pen=0.0e+00 moves=1.00e+07 4.2s
[113/200] seed 2140 s=3.707109509 pen=0.0e+00 moves=1.00e+07 3.9s saved n10_s3.707109509_seed2140.json
[114/200] seed 2138 s=3.707106931 pen=0.0e+00 moves=1.00e+07 4.2s *best saved n10_s3.707106931_seed2138.json
[115/200] seed 2141 s=3.822876154 pen=0.0e+00 moves=1.00e+07 3.9s
[116/200] seed 2139 s=4.000002856 pen=0.0e+00 moves=1.00e+07 4.2s
[117/200] seed 2143 s=4.000037327 pen=0.0e+00 moves=1.00e+07 3.8s
[118/200] seed 2145 s=4.000032453 pen=0.0e+00 moves=1.00e+07 3.7s
[119/200] seed 2144 s=4.000032147 pen=0.0e+00 moves=1.00e+07 3.9s
[120/200] seed 2142 s=3.728583112 pen=0.0e+00 moves=1.00e+07 4.2s
[121/200] seed 2146 s=4.000005589 pen=0.0e+00 moves=1.00e+07 3.5s
[122/200] seed 2148 s=3.767785818 pen=0.0e+00 moves=1.00e+07 3.9s
[123/200] seed 2151 s=3.803181191 pen=0.0e+00 moves=1.00e+07 3.5s
[124/200] seed 2149 s=3.707110252 pen=0.0e+00 moves=1.00e+07 3.6s saved n10_s3.707110252_seed2149.json
[125/200] seed 2152 s=3.707126524 pen=0.0e+00 moves=1.00e+07 3.8s saved n10_s3.707126524_seed2152.json
[126/200] seed 2150 s=3.772262428 pen=0.0e+00 moves=1.00e+07 4.1s
[127/200] seed 2154 s=3.803190141 pen=0.0e+00 moves=1.00e+07 3.6s
[128/200] seed 2156 s=3.828753191 pen=0.0e+00 moves=1.00e+07 3.5s
[129/200] seed 2155 s=4.000040082 pen=0.0e+00 moves=1.00e+07 3.7s
[130/200] seed 2147 s=3.707107042 pen=0.0e+00 moves=1.00e+07 4.7s saved n10_s3.707107042_seed2147.json
[131/200] seed 2153 s=3.829483738 pen=0.0e+00 moves=1.00e+07 4.1s
[132/200] seed 2157 s=4.000012913 pen=0.0e+00 moves=1.00e+07 3.7s
[133/200] seed 2160 s=4.000006199 pen=0.0e+00 moves=1.00e+07 3.6s
[134/200] seed 2159 s=4.000001927 pen=0.0e+00 moves=1.00e+07 4.2s
[135/200] seed 2158 s=3.707112545 pen=0.0e+00 moves=1.00e+07 5.6s saved n10_s3.707112545_seed2158.json
[136/200] seed 2161 s=3.768132899 pen=0.0e+00 moves=1.00e+07 3.7s
[137/200] seed 2162 s=4.000016880 pen=0.0e+00 moves=1.00e+07 3.5s
[138/200] seed 2163 s=3.707107155 pen=0.0e+00 moves=1.00e+07 4.0s saved n10_s3.707107155_seed2163.json
[139/200] seed 2164 s=4.000004781 pen=0.0e+00 moves=1.00e+07 4.3s
[140/200] seed 2165 s=4.000034285 pen=0.0e+00 moves=1.00e+07 3.9s
[141/200] seed 2166 s=4.000009861 pen=0.0e+00 moves=1.00e+07 3.9s
[142/200] seed 2169 s=4.000003758 pen=0.0e+00 moves=1.00e+07 3.8s
[143/200] seed 2168 s=3.707114195 pen=0.0e+00 moves=1.00e+07 4.0s saved n10_s3.707114195_seed2168.json
[144/200] seed 2167 s=3.707109870 pen=0.0e+00 moves=1.00e+07 4.1s saved n10_s3.707109870_seed2167.json
[145/200] seed 2171 s=3.768138256 pen=0.0e+00 moves=1.00e+07 3.8s
[146/200] seed 2170 s=4.000034894 pen=0.0e+00 moves=1.00e+07 4.1s
[147/200] seed 2173 s=4.000004368 pen=0.0e+00 moves=1.00e+07 3.8s
[148/200] seed 2172 s=4.000006809 pen=0.0e+00 moves=1.00e+07 4.1s
[149/200] seed 2174 s=3.822876118 pen=0.0e+00 moves=1.00e+07 4.0s
[150/200] seed 2175 s=4.000002537 pen=0.0e+00 moves=1.00e+07 4.1s
[151/200] seed 2176 s=4.000007123 pen=0.0e+00 moves=1.00e+07 4.1s
[152/200] seed 2178 s=3.728587119 pen=0.0e+00 moves=1.00e+07 3.7s
[153/200] seed 2177 s=3.707110992 pen=0.0e+00 moves=1.00e+07 4.4s saved n10_s3.707110992_seed2177.json
[154/200] seed 2182 s=4.000024211 pen=0.0e+00 moves=1.00e+07 3.6s
[155/200] seed 2186 s=3.767774345 pen=0.0e+00 moves=1.00e+07 3.5s
[156/200] seed 2181 s=4.000034581 pen=0.0e+00 moves=1.00e+07 3.9s
[157/200] seed 2183 s=4.000010167 pen=0.0e+00 moves=1.00e+07 3.8s
[158/200] seed 2185 s=3.707109644 pen=0.0e+00 moves=1.00e+07 3.7s saved n10_s3.707109644_seed2185.json
[159/200] seed 2184 s=4.000009556 pen=0.0e+00 moves=1.00e+07 3.8s
[160/200] seed 2180 s=4.000012922 pen=0.0e+00 moves=1.00e+07 4.0s
[161/200] seed 2179 s=3.771292818 pen=6.6e-11 moves=1.00e+07 4.1s
[162/200] seed 2187 s=3.767784104 pen=0.0e+00 moves=1.00e+07 3.8s
[163/200] seed 2188 s=3.707112831 pen=0.0e+00 moves=1.00e+07 3.8s saved n10_s3.707112831_seed2188.json
[164/200] seed 2189 s=4.000000401 pen=0.0e+00 moves=1.00e+07 3.5s
[165/200] seed 2190 s=4.000007018 pen=0.0e+00 moves=1.00e+07 3.6s
[166/200] seed 2191 s=3.707107271 pen=0.0e+00 moves=1.00e+07 3.7s saved n10_s3.707107271_seed2191.json
[167/200] seed 2192 s=4.000038862 pen=0.0e+00 moves=1.00e+07 3.6s
[168/200] seed 2193 s=4.000032758 pen=0.0e+00 moves=1.00e+07 3.9s
[169/200] seed 2194 s=3.707123572 pen=0.0e+00 moves=1.00e+07 3.9s saved n10_s3.707123572_seed2194.json
[170/200] seed 2200 s=4.000009251 pen=0.0e+00 moves=1.00e+07 3.6s
[171/200] seed 2197 s=4.000038853 pen=0.0e+00 moves=1.00e+07 3.7s
[172/200] seed 2199 s=3.822879131 pen=0.0e+00 moves=1.00e+07 3.7s
[173/200] seed 2196 s=3.969120905 pen=0.0e+00 moves=1.00e+07 3.9s
[174/200] seed 2198 s=3.707106903 pen=0.0e+00 moves=1.00e+07 4.1s *best saved n10_s3.707106903_seed2198.json
[175/200] seed 2201 s=3.707107513 pen=0.0e+00 moves=1.00e+07 4.1s saved n10_s3.707107513_seed2201.json
[176/200] seed 2195 s=3.707108118 pen=0.0e+00 moves=1.00e+07 4.4s saved n10_s3.707108118_seed2195.json
[177/200] seed 2203 s=3.728596491 pen=0.0e+00 moves=1.00e+07 4.2s
[178/200] seed 2204 s=4.000005589 pen=0.0e+00 moves=1.00e+07 4.0s
[179/200] seed 2202 s=3.707109231 pen=0.0e+00 moves=1.00e+07 4.8s saved n10_s3.707109231_seed2202.json
[180/200] seed 2206 s=4.000024516 pen=0.0e+00 moves=1.00e+07 3.9s
[181/200] seed 2207 s=3.707117938 pen=0.0e+00 moves=1.00e+07 3.9s saved n10_s3.707117938_seed2207.json
[182/200] seed 2205 s=4.000003147 pen=0.0e+00 moves=1.00e+07 4.4s
[183/200] seed 2210 s=4.000008342 pen=0.0e+00 moves=1.00e+07 3.6s
[184/200] seed 2209 s=4.000003077 pen=0.0e+00 moves=1.00e+07 3.9s
[185/200] seed 2208 s=4.000003453 pen=0.0e+00 moves=1.00e+07 4.1s
[186/200] seed 2215 s=3.858216919 pen=0.0e+00 moves=1.00e+07 3.4s
[187/200] seed 2213 s=3.767830945 pen=0.0e+00 moves=1.00e+07 3.7s
[188/200] seed 2212 s=4.000013218 pen=0.0e+00 moves=1.00e+07 3.8s
[189/200] seed 2211 s=3.707117258 pen=0.0e+00 moves=1.00e+07 4.1s saved n10_s3.707117258_seed2211.json
[190/200] seed 2214 s=4.000007115 pen=0.0e+00 moves=1.00e+07 3.9s
[191/200] seed 2216 s=3.707107149 pen=0.0e+00 moves=1.00e+07 3.9s saved n10_s3.707107149_seed2216.json
[192/200] seed 2217 s=4.000007725 pen=0.0e+00 moves=1.00e+07 3.6s
[193/200] seed 2218 s=3.707108883 pen=4.0e-11 moves=1.00e+07 3.9s saved n10_s3.707108883_seed2218.json
[194/200] seed 2219 s=3.707107414 pen=0.0e+00 moves=1.00e+07 3.6s saved n10_s3.707107414_seed2219.json
[195/200] seed 2220 s=4.000003147 pen=0.0e+00 moves=1.00e+07 3.0s
[196/200] seed 2222 s=3.768266059 pen=0.0e+00 moves=1.00e+07 2.9s
[197/200] seed 2223 s=4.000006504 pen=0.0e+00 moves=1.00e+07 2.8s
[198/200] seed 2221 s=3.767776124 pen=0.0e+00 moves=1.00e+07 3.3s
[199/200] seed 2225 s=3.768117789 pen=0.0e+00 moves=1.00e+07 2.7s
[200/200] seed 2224 s=4.000008335 pen=0.0e+00 moves=1.00e+07 2.8s
------------------------------------------------------------
best s = 3.707106903 (seed 2198)
record = 3.707106781; gap = +1.213e-07
s percentiles 0/10/50/90: 3.707107 3.707108 4.000003 4.000028
within 1e-06 of record: 17/200
within 1e-04 of record: 44/200
within 1e-03 of record: 45/200
saved 45 candidates; wall 52.8s; 0.07 h per 1000 starts at 15 workers
