anneal n=17 starts=150 workers=15 base_seed=17000 record=4.6755300936045509516341112704831500000000000000000 s0=4.909307 save_below=4.690000
config {'n': 17, 's0': 4.909306598284779, 't0': 0.01, 't_ratio': 1e-08, 'stage_sweeps': 2000, 'max_sweeps': 1000000, 'retries': 4, 'reset_ladder': 1, 'e_tol': 1e-10, 'shrink': 0.01, 'min_shrink': 1e-07, 'grow_limit': 1.15, 'p_trans': 0.35, 'p_rot': 0.2, 'p_both': 0.35, 'p_swap': 0.09, 'p_rand': 0.01, 'p_bias': 0.5, 'mode': 'ladder', 'mu': 0.5, 'press_sweeps': 200000, 'press_t0': 0.05, 'press_t1': 1e-08, 'p_s': 0.0, 'fin_t0': 1e-06, 'fin_shrink': 0.0001, 'seed_from': None, 'perturb': 0.0}
[1/150] seed 17006 s=4.830173757 pen=0.0e+00 moves=1.70e+07 9.9s *best
[2/150] seed 17003 s=4.870842090 pen=0.0e+00 moves=1.70e+07 10.1s
[3/150] seed 17011 s=5.000113124 pen=0.0e+00 moves=1.70e+07 10.4s
[4/150] seed 17000 s=5.000000040 pen=0.0e+00 moves=1.70e+07 10.4s
[5/150] seed 17010 s=4.805842038 pen=0.0e+00 moves=1.70e+07 10.5s *best
[6/150] seed 17014 s=4.806833330 pen=0.0e+00 moves=1.70e+07 10.5s
[7/150] seed 17001 s=4.767769318 pen=0.0e+00 moves=1.70e+07 10.6s *best
[8/150] seed 17004 s=5.000000422 pen=0.0e+00 moves=1.70e+07 10.6s
[9/150] seed 17005 s=4.810424368 pen=0.0e+00 moves=1.70e+07 10.7s
[10/150] seed 17007 s=4.688123023 pen=0.0e+00 moves=1.70e+07 10.7s *best saved n17_s4.688123023_seed17007.json
[11/150] seed 17013 s=4.711402679 pen=5.1e-11 moves=1.70e+07 10.7s
[12/150] seed 17012 s=4.716917129 pen=0.0e+00 moves=1.70e+07 10.9s
[13/150] seed 17002 s=5.000106288 pen=0.0e+00 moves=1.70e+07 11.1s
[14/150] seed 17008 s=5.000172297 pen=0.0e+00 moves=1.70e+07 11.3s
[15/150] seed 17009 s=4.707131964 pen=0.0e+00 moves=1.70e+07 13.3s
[16/150] seed 17019 s=5.000003076 pen=0.0e+00 moves=1.70e+07 10.4s
[17/150] seed 17016 s=5.000070232 pen=0.0e+00 moves=1.70e+07 11.1s
[18/150] seed 17018 s=5.000183380 pen=0.0e+00 moves=1.70e+07 11.0s
[19/150] seed 17015 s=5.000169588 pen=0.0e+00 moves=1.70e+07 11.6s
[20/150] seed 17023 s=4.858223814 pen=0.0e+00 moves=1.70e+07 10.8s
[21/150] seed 17026 s=5.000089863 pen=0.0e+00 moves=1.70e+07 10.6s
[22/150] seed 17020 s=4.767770232 pen=0.0e+00 moves=1.70e+07 11.0s
[23/150] seed 17022 s=5.000003202 pen=0.0e+00 moves=1.70e+07 11.2s
[24/150] seed 17024 s=4.728592882 pen=0.0e+00 moves=1.70e+07 11.1s
[25/150] seed 17017 s=4.870833159 pen=0.0e+00 moves=1.70e+07 11.5s
[26/150] seed 17025 s=5.000134483 pen=0.0e+00 moves=1.70e+07 11.1s
[27/150] seed 17028 s=5.000161188 pen=0.0e+00 moves=1.70e+07 10.7s
[28/150] seed 17021 s=5.000000422 pen=0.0e+00 moves=1.70e+07 11.8s
[29/150] seed 17027 s=5.000181409 pen=0.0e+00 moves=1.70e+07 11.3s
[30/150] seed 17029 s=4.707112223 pen=0.0e+00 moves=1.70e+07 11.2s
[31/150] seed 17033 s=5.000013142 pen=0.0e+00 moves=1.70e+07 8.8s
[32/150] seed 17031 s=4.767773474 pen=0.0e+00 moves=1.70e+07 9.1s
[33/150] seed 17030 s=4.767767394 pen=0.0e+00 moves=1.70e+07 9.7s
[34/150] seed 17035 s=4.707109019 pen=0.0e+00 moves=1.70e+07 9.2s
[35/150] seed 17032 s=4.707108378 pen=0.0e+00 moves=1.70e+07 9.5s
[36/150] seed 17038 s=5.000063913 pen=0.0e+00 moves=1.70e+07 9.1s
[37/150] seed 17040 s=4.767768052 pen=0.0e+00 moves=1.70e+07 9.2s
[38/150] seed 17034 s=4.707109658 pen=0.0e+00 moves=1.70e+07 9.6s
[39/150] seed 17036 s=5.000157972 pen=0.0e+00 moves=1.70e+07 9.6s
[40/150] seed 17039 s=4.707106903 pen=0.0e+00 moves=1.70e+07 9.4s
[41/150] seed 17037 s=5.000133772 pen=0.0e+00 moves=1.70e+07 9.5s
[42/150] seed 17041 s=5.000116772 pen=0.0e+00 moves=1.70e+07 9.4s
[43/150] seed 17043 s=4.818691699 pen=0.0e+00 moves=1.70e+07 9.3s
[44/150] seed 17042 s=4.677657839 pen=0.0e+00 moves=1.70e+07 9.7s *best saved n17_s4.677657839_seed17042.json
[45/150] seed 17044 s=4.707110041 pen=0.0e+00 moves=1.70e+07 9.1s
[46/150] seed 17045 s=4.707143181 pen=0.0e+00 moves=1.70e+07 8.5s
[47/150] seed 17047 s=5.000000422 pen=0.0e+00 moves=1.70e+07 8.6s
[48/150] seed 17046 s=5.000116895 pen=0.0e+00 moves=1.70e+07 8.8s
[49/150] seed 17056 s=4.858235802 pen=0.0e+00 moves=1.70e+07 8.2s
[50/150] seed 17049 s=4.731065296 pen=0.0e+00 moves=1.70e+07 8.9s
[51/150] seed 17048 s=5.000185221 pen=0.0e+00 moves=1.70e+07 9.1s
[52/150] seed 17054 s=5.000210781 pen=0.0e+00 moves=1.70e+07 8.7s
[53/150] seed 17051 s=4.767772917 pen=0.0e+00 moves=1.70e+07 8.9s
[54/150] seed 17052 s=5.000163480 pen=0.0e+00 moves=1.70e+07 9.0s
[55/150] seed 17050 s=4.707106980 pen=0.0e+00 moves=1.70e+07 9.2s
[56/150] seed 17058 s=5.000001948 pen=0.0e+00 moves=1.70e+07 8.6s
[57/150] seed 17055 s=4.707108788 pen=0.0e+00 moves=1.70e+07 9.4s
[58/150] seed 17057 s=5.000105906 pen=0.0e+00 moves=1.70e+07 9.0s
[59/150] seed 17053 s=5.000107410 pen=0.0e+00 moves=1.70e+07 9.7s
[60/150] seed 17059 s=4.822885549 pen=0.0e+00 moves=1.70e+07 8.4s
[61/150] seed 17060 s=4.822888032 pen=0.0e+00 moves=1.70e+07 7.6s
[62/150] seed 17061 s=4.822881733 pen=0.0e+00 moves=1.70e+07 7.9s
[63/150] seed 17062 s=5.000163097 pen=0.0e+00 moves=1.70e+07 8.1s
[64/150] seed 17065 s=4.731051222 pen=0.0e+00 moves=1.70e+07 8.5s
[65/150] seed 17064 s=4.728603458 pen=0.0e+00 moves=1.70e+07 8.6s
[66/150] seed 17069 s=4.828466762 pen=0.0e+00 moves=1.70e+07 8.3s
[67/150] seed 17063 s=4.707110995 pen=0.0e+00 moves=1.70e+07 9.0s
[68/150] seed 17067 s=4.707139460 pen=0.0e+00 moves=1.70e+07 8.6s
[69/150] seed 17072 s=4.792294317 pen=0.0e+00 moves=1.70e+07 7.9s
[70/150] seed 17066 s=5.000000040 pen=4.2e-11 moves=1.70e+07 9.0s
[71/150] seed 17068 s=4.728581761 pen=0.0e+00 moves=1.70e+07 8.9s
[72/150] seed 17071 s=4.707113739 pen=0.0e+00 moves=1.70e+07 8.9s
[73/150] seed 17073 s=5.000204306 pen=0.0e+00 moves=1.70e+07 9.0s
[74/150] seed 17070 s=4.707161532 pen=0.0e+00 moves=1.70e+07 9.5s
[75/150] seed 17074 s=5.000047517 pen=0.0e+00 moves=1.70e+07 9.0s
[76/150] seed 17075 s=5.000083202 pen=0.0e+00 moves=1.70e+07 8.1s
[77/150] seed 17076 s=4.822877331 pen=0.0e+00 moves=1.70e+07 7.7s
[78/150] seed 17077 s=4.707107180 pen=0.0e+00 moves=1.70e+07 9.0s
[79/150] seed 17079 s=5.000124947 pen=0.0e+00 moves=1.70e+07 8.3s
[80/150] seed 17078 s=5.000174923 pen=0.0e+00 moves=1.70e+07 8.7s
[81/150] seed 17083 s=4.707108938 pen=0.0e+00 moves=1.70e+07 8.4s
[82/150] seed 17081 s=5.000163138 pen=0.0e+00 moves=1.70e+07 8.7s
[83/150] seed 17080 s=4.707108258 pen=0.0e+00 moves=1.70e+07 9.2s
[84/150] seed 17082 s=5.000131050 pen=0.0e+00 moves=1.70e+07 9.0s
[85/150] seed 17085 s=5.000241344 pen=0.0e+00 moves=1.70e+07 8.7s
[86/150] seed 17086 s=4.707108106 pen=0.0e+00 moves=1.70e+07 8.9s
[87/150] seed 17088 s=4.767777645 pen=0.0e+00 moves=1.70e+07 8.5s
[88/150] seed 17087 s=5.000156612 pen=0.0e+00 moves=1.70e+07 9.2s
[89/150] seed 17084 s=4.707109393 pen=0.0e+00 moves=1.70e+07 10.2s
[90/150] seed 17089 s=5.000134868 pen=0.0e+00 moves=1.70e+07 9.3s
[91/150] seed 17090 s=5.000007288 pen=0.0e+00 moves=1.70e+07 8.1s
[92/150] seed 17091 s=5.000112182 pen=0.0e+00 moves=1.70e+07 8.3s
[93/150] seed 17092 s=5.000000699 pen=0.0e+00 moves=1.70e+07 8.5s
[94/150] seed 17094 s=5.000052307 pen=0.0e+00 moves=1.70e+07 8.4s
[95/150] seed 17096 s=4.707118508 pen=0.0e+00 moves=1.70e+07 8.1s
[96/150] seed 17093 s=5.000131052 pen=0.0e+00 moves=1.70e+07 9.1s
[97/150] seed 17095 s=4.707108817 pen=0.0e+00 moves=1.70e+07 8.7s
[98/150] seed 17099 s=5.000098965 pen=0.0e+00 moves=1.70e+07 8.3s
[99/150] seed 17100 s=5.108511029 pen=0.0e+00 moves=1.70e+07 8.0s
[100/150] seed 17097 s=5.000106285 pen=0.0e+00 moves=1.70e+07 9.0s
[101/150] seed 17098 s=5.000080314 pen=0.0e+00 moves=1.70e+07 9.1s
[102/150] seed 17101 s=4.767771786 pen=0.0e+00 moves=1.70e+07 8.4s
[103/150] seed 17103 s=4.822885384 pen=0.0e+00 moves=1.70e+07 8.1s
[104/150] seed 17102 s=4.707107381 pen=0.0e+00 moves=1.70e+07 8.2s
[105/150] seed 17104 s=4.767794730 pen=0.0e+00 moves=1.70e+07 7.9s
[106/150] seed 17105 s=5.000112371 pen=0.0e+00 moves=1.70e+07 8.6s
[107/150] seed 17106 s=5.000160469 pen=0.0e+00 moves=1.70e+07 8.8s
[108/150] seed 17107 s=4.767778996 pen=0.0e+00 moves=1.70e+07 8.7s
[109/150] seed 17109 s=4.730004865 pen=0.0e+00 moves=1.70e+07 8.7s
[110/150] seed 17108 s=4.693388732 pen=0.0e+00 moves=1.70e+07 8.8s
[111/150] seed 17112 s=4.879166282 pen=0.0e+00 moves=1.70e+07 8.3s
[112/150] seed 17110 s=5.000000422 pen=0.0e+00 moves=1.70e+07 8.7s
[113/150] seed 17114 s=4.767784028 pen=0.0e+00 moves=1.70e+07 8.2s
[114/150] seed 17113 s=4.768143585 pen=0.0e+00 moves=1.70e+07 8.7s
[115/150] seed 17111 s=4.707116470 pen=0.0e+00 moves=1.70e+07 9.9s
[116/150] seed 17115 s=4.707112245 pen=0.0e+00 moves=1.70e+07 9.0s
[117/150] seed 17117 s=5.000084513 pen=0.0e+00 moves=1.70e+07 8.7s
[118/150] seed 17118 s=4.728589131 pen=0.0e+00 moves=1.70e+07 8.6s
[119/150] seed 17116 s=5.000130305 pen=0.0e+00 moves=1.70e+07 9.7s
[120/150] seed 17119 s=5.000018516 pen=0.0e+00 moves=1.70e+07 8.8s
[121/150] seed 17120 s=4.828561796 pen=0.0e+00 moves=1.70e+07 9.0s
[122/150] seed 17121 s=5.000127225 pen=0.0e+00 moves=1.70e+07 8.9s
[123/150] seed 17122 s=4.728584630 pen=0.0e+00 moves=1.70e+07 8.6s
[124/150] seed 17126 s=4.771203655 pen=0.0e+00 moves=1.70e+07 8.2s
[125/150] seed 17125 s=5.000155088 pen=0.0e+00 moves=1.70e+07 8.5s
[126/150] seed 17124 s=5.000196284 pen=0.0e+00 moves=1.70e+07 8.7s
[127/150] seed 17123 s=4.767805095 pen=0.0e+00 moves=1.70e+07 8.8s
[128/150] seed 17127 s=4.854170779 pen=0.0e+00 moves=1.70e+07 8.8s
[129/150] seed 17128 s=5.000076596 pen=0.0e+00 moves=1.70e+07 8.4s
[130/150] seed 17130 s=5.000160425 pen=0.0e+00 moves=1.70e+07 8.2s
[131/150] seed 17129 s=5.000059701 pen=0.0e+00 moves=1.70e+07 9.3s
[132/150] seed 17131 s=4.707107555 pen=0.0e+00 moves=1.70e+07 9.3s
[133/150] seed 17134 s=5.000017206 pen=0.0e+00 moves=1.70e+07 8.2s
[134/150] seed 17132 s=4.707107184 pen=0.0e+00 moves=1.70e+07 9.4s
[135/150] seed 17133 s=4.707107385 pen=0.0e+00 moves=1.70e+07 8.9s
[136/150] seed 17135 s=4.758632560 pen=0.0e+00 moves=1.70e+07 7.6s
[137/150] seed 17136 s=4.707112019 pen=0.0e+00 moves=1.70e+07 8.7s
[138/150] seed 17139 s=5.000051661 pen=0.0e+00 moves=1.70e+07 7.5s
[139/150] seed 17137 s=4.707114454 pen=0.0e+00 moves=1.70e+07 8.3s
[140/150] seed 17138 s=4.707115862 pen=0.0e+00 moves=1.70e+07 8.1s
[141/150] seed 17140 s=4.811316505 pen=0.0e+00 moves=1.70e+07 8.1s
[142/150] seed 17141 s=5.000117408 pen=0.0e+00 moves=1.70e+07 8.0s
[143/150] seed 17142 s=4.707110787 pen=0.0e+00 moves=1.70e+07 7.6s
[144/150] seed 17143 s=4.750344362 pen=0.0e+00 moves=1.70e+07 7.8s
[145/150] seed 17144 s=5.000081191 pen=0.0e+00 moves=1.70e+07 7.6s
[146/150] seed 17145 s=4.707108169 pen=0.0e+00 moves=1.70e+07 6.8s
[147/150] seed 17148 s=5.000062221 pen=0.0e+00 moves=1.70e+07 6.8s
[148/150] seed 17147 s=5.000072302 pen=0.0e+00 moves=1.70e+07 6.8s
[149/150] seed 17146 s=5.000328713 pen=0.0e+00 moves=1.70e+07 7.0s
[150/150] seed 17149 s=5.000007670 pen=0.0e+00 moves=1.70e+07 6.7s
------------------------------------------------------------
best s = 4.677657839 (seed 17042)
record = 4.675530094; gap = +2.128e-03
s percentiles 0/10/50/90: 4.677658 4.707109 4.842172 5.000161
within 1e-06 of record: 0/150
within 1e-04 of record: 0/150
within 1e-03 of record: 0/150
saved 2 candidates; wall 92.4s; 0.17 h per 1000 starts at 15 workers
