hop n=17 hours=0.03 workers=4 base_seed=1 record=4.6755300936045509516341112704831500000000000000000 s0=4.909307 hops=5 grow=0.015 t_hop=0.002 start_sweeps=50000
[1] seed 4 random     hops=5 best=5.000000000 basins=1 0.00h *best
[2] seed 2 structured hops=5 best=5.000000000 basins=1 0.00h *best
[3] seed 3 neighbour  hops=5 best=4.803155077 basins=2 0.00h *best
[4] seed 6 structured hops=5 best=4.728581300 basins=3 0.00h *best
[5] seed 5 random     hops=5 best=4.707106781 basins=3 0.00h *best
[6] seed 7 neighbour  hops=5 best=4.822875656 basins=3 0.00h
[7] seed 1 random     hops=5 best=4.767766953 basins=3 0.00h
[8] seed 9 random     hops=5 best=4.728581300 basins=3 0.00h
[9] seed 8 random     hops=5 best=4.707106781 basins=2 0.00h *best
[10] seed 11 neighbour  hops=5 best=4.767766953 basins=1 0.00h
[11] seed 10 structured hops=5 best=4.707106781 basins=2 0.00h
[12] seed 13 random     hops=5 best=5.000000000 basins=1 0.00h
[13] seed 12 random     hops=5 best=4.707106781 basins=2 0.00h *best
[14] seed 16 random     hops=5 best=4.707106781 basins=2 0.00h
[15] seed 17 random     hops=5 best=4.709012069 basins=2 0.00h
[16] seed 15 neighbour  hops=5 best=4.730824000 basins=3 0.00h
[17] seed 18 structured hops=5 best=5.000000000 basins=1 0.00h
[18] seed 19 neighbour  hops=5 best=4.767766953 basins=3 0.00h
[19] seed 14 structured hops=5 best=4.906536802 basins=3 0.00h
[20] seed 20 random     hops=5 best=4.689857275 basins=1 0.00h *best
[21] seed 21 random     hops=5 best=4.707106781 basins=3 0.00h
[22] seed 22 structured hops=5 best=5.000000000 basins=1 0.00h
[23] seed 23 neighbour  hops=5 best=4.767766953 basins=2 0.00h
[24] seed 25 random     hops=5 best=4.707106781 basins=2 0.00h
[25] seed 24 random     hops=5 best=4.707106781 basins=3 0.00h
[26] seed 27 neighbour  hops=5 best=4.822875656 basins=1 0.00h
[27] seed 28 random     hops=5 best=4.707106781 basins=2 0.00h
[28] seed 26 structured hops=5 best=4.794516049 basins=4 0.00h
[29] seed 29 random     hops=5 best=4.822875656 basins=1 0.00h
[30] seed 30 structured hops=5 best=4.767766953 basins=2 0.00h
[31] seed 32 random     hops=5 best=4.728581300 basins=2 0.00h
[32] seed 31 neighbour  hops=5 best=4.707106781 basins=3 0.00h
[33] seed 33 random     hops=5 best=4.707106781 basins=2 0.00h
[34] seed 34 structured hops=5 best=5.000000000 basins=1 0.00h
[35] seed 35 neighbour  hops=5 best=4.765503322 basins=3 0.00h
[36] seed 36 random     hops=5 best=4.795474301 basins=1 0.00h
[37] seed 37 random     hops=5 best=5.000000000 basins=1 0.00h
[38] seed 38 structured hops=5 best=4.707106781 basins=2 0.00h
[39] seed 40 random     hops=5 best=4.806720610 basins=2 0.00h
[40] seed 39 neighbour  hops=5 best=4.767766953 basins=3 0.00h
[41] seed 41 random     hops=5 best=4.771188955 basins=1 0.00h
[42] seed 43 neighbour  hops=5 best=4.822477059 basins=2 0.00h
[43] seed 44 random     hops=5 best=5.000000000 basins=1 0.00h
[44] seed 45 random     hops=5 best=4.707106781 basins=3 0.00h
[45] seed 46 structured hops=5 best=5.000000000 basins=1 0.00h
[46] seed 48 random     hops=5 best=4.755342034 basins=3 0.00h
[47] seed 47 neighbour  hops=5 best=4.795833211 basins=2 0.00h
[48] seed 49 random     hops=5 best=4.767766953 basins=3 0.00h
[49] seed 50 structured hops=5 best=5.000000000 basins=1 0.00h
[50] seed 51 neighbour  hops=5 best=4.767766953 basins=2 0.00h
[51] seed 52 random     hops=5 best=4.755342034 basins=3 0.00h
[52] seed 53 random     hops=5 best=4.707106781 basins=2 0.00h
[53] seed 54 structured hops=5 best=5.000000000 basins=1 0.00h
[54] seed 55 neighbour  hops=5 best=4.767766953 basins=2 0.00h
[55] seed 57 random     hops=5 best=4.806720610 basins=3 0.00h
[56] seed 56 random     hops=5 best=4.767766953 basins=3 0.00h
[57] seed 58 structured hops=5 best=5.000000000 basins=1 0.00h
[58] seed 59 neighbour  hops=5 best=4.707106781 basins=2 0.00h
[59] seed 60 random     hops=5 best=4.707106781 basins=4 0.00h
[60] seed 61 random     hops=5 best=4.707106781 basins=2 0.00h
[61] seed 62 structured hops=5 best=4.822875656 basins=2 0.00h
[62] seed 64 random     hops=5 best=5.000000000 basins=1 0.01h
[63] seed 65 random     hops=5 best=5.000000000 basins=1 0.01h
[64] seed 67 neighbour  hops=5 best=4.707106781 basins=5 0.01h
[65] seed 66 structured hops=5 best=4.755342034 basins=4 0.01h
[66] seed 68 random     hops=5 best=4.707106781 basins=2 0.01h
[67] seed 69 random     hops=5 best=4.767766953 basins=2 0.01h
[68] seed 70 structured hops=5 best=4.767766953 basins=2 0.01h
[69] seed 71 neighbour  hops=5 best=4.707106781 basins=6 0.01h
[70] seed 72 random     hops=5 best=4.707106781 basins=3 0.01h
[71] seed 73 random     hops=5 best=5.000000000 basins=1 0.01h
[72] seed 74 structured hops=5 best=5.000000000 basins=1 0.01h
[73] seed 76 random     hops=0 best=none basins=0 0.01h
[74] seed 42 structured hops=5 best=4.767766953 basins=3 0.01h
[75] seed 75 neighbour  hops=5 best=4.822875656 basins=1 0.01h
[76] seed 77 random     hops=5 best=5.000000000 basins=1 0.01h
[77] seed 78 structured hops=5 best=4.707106781 basins=4 0.01h
[78] seed 79 neighbour  hops=5 best=4.707106781 basins=2 0.01h
[79] seed 80 random     hops=5 best=5.000000000 basins=1 0.01h
[80] seed 82 structured hops=5 best=4.728581300 basins=2 0.01h
[81] seed 81 random     hops=5 best=5.000000000 basins=1 0.01h
[82] seed 83 neighbour  hops=5 best=4.711321814 basins=3 0.01h
[83] seed 85 random     hops=5 best=4.822875656 basins=3 0.01h
[84] seed 84 random     hops=5 best=4.707106781 basins=4 0.01h
[85] seed 86 structured hops=5 best=5.000000000 basins=1 0.01h
[86] seed 88 random     hops=5 best=4.707106781 basins=2 0.01h
[87] seed 87 neighbour  hops=5 best=4.767766953 basins=3 0.01h
[88] seed 89 random     hops=5 best=5.000000000 basins=1 0.01h
[89] seed 90 structured hops=5 best=5.000000000 basins=1 0.01h
[90] seed 92 random     hops=5 best=4.707106781 basins=2 0.01h
[91] seed 91 neighbour  hops=5 best=4.707106781 basins=3 0.01h
[92] seed 93 random     hops=5 best=4.795474301 basins=3 0.01h
[93] seed 94 structured hops=5 best=5.000000000 basins=1 0.01h
[94] seed 95 neighbour  hops=5 best=4.802196107 basins=4 0.01h
[95] seed 96 random     hops=5 best=4.731035400 basins=5 0.01h
[96] seed 97 random     hops=5 best=4.728581300 basins=4 0.01h
[97] seed 98 structured hops=5 best=4.707106781 basins=3 0.01h
[98] seed 99 neighbour  hops=5 best=4.755342034 basins=3 0.01h
[99] seed 100 random     hops=5 best=4.768117534 basins=2 0.01h
[100] seed 101 random     hops=5 best=4.707106781 basins=4 0.01h
[101] seed 102 structured hops=5 best=5.000000000 basins=1 0.01h
[102] seed 103 neighbour  hops=5 best=4.795833211 basins=5 0.01h
[103] seed 104 random     hops=5 best=5.000000000 basins=1 0.01h
[104] seed 105 random     hops=5 best=4.707106781 basins=3 0.01h
[105] seed 106 structured hops=5 best=5.000000000 basins=1 0.01h
[106] seed 107 neighbour  hops=5 best=4.822875656 basins=1 0.01h
[107] seed 108 random     hops=5 best=5.000000000 basins=1 0.01h
[108] seed 110 structured hops=5 best=4.707106781 basins=3 0.01h
[109] seed 109 random     hops=5 best=4.767766953 basins=5 0.01h
[110] seed 63 neighbour  hops=5 best=4.767766953 basins=2 0.01h
[111] seed 111 neighbour  hops=5 best=4.728581300 basins=2 0.01h
[112] seed 112 random     hops=5 best=4.707106781 basins=2 0.01h
[113] seed 113 random     hops=5 best=4.822875656 basins=2 0.01h
[114] seed 115 neighbour  hops=5 best=4.767766953 basins=2 0.01h
[115] seed 117 random     hops=5 best=4.707106781 basins=2 0.01h
[116] seed 116 random     hops=5 best=4.708672485 basins=3 0.01h
[117] seed 118 structured hops=5 best=5.000000000 basins=1 0.01h
[118] seed 119 neighbour  hops=5 best=4.707106781 basins=3 0.01h
[119] seed 120 random     hops=5 best=5.000000000 basins=1 0.01h
[120] seed 121 random     hops=5 best=4.707106781 basins=2 0.01h
[121] seed 122 structured hops=5 best=4.707106781 basins=3 0.01h
[122] seed 123 neighbour  hops=5 best=4.767766953 basins=2 0.01h
[123] seed 124 random     hops=5 best=4.755342034 basins=2 0.01h
[124] seed 125 random     hops=5 best=4.689857275 basins=6 0.01h
[125] seed 126 structured hops=5 best=4.707106781 basins=3 0.01h
[126] seed 127 neighbour  hops=5 best=4.755342034 basins=2 0.01h
[127] seed 128 random     hops=5 best=5.000000000 basins=1 0.01h
[128] seed 129 random     hops=5 best=5.000000000 basins=1 0.01h
[129] seed 130 structured hops=5 best=4.767766953 basins=2 0.01h
[130] seed 131 neighbour  hops=5 best=4.767766953 basins=4 0.01h
[131] seed 134 structured hops=5 best=5.000000000 basins=1 0.01h
[132] seed 135 neighbour  hops=5 best=4.707106781 basins=3 0.01h
[133] seed 136 random     hops=5 best=4.707106781 basins=3 0.01h
[134] seed 137 random     hops=5 best=5.000000000 basins=1 0.01h
[135] seed 138 structured hops=5 best=5.000000000 basins=1 0.01h
[136] seed 139 neighbour  hops=5 best=4.767766953 basins=2 0.01h
[137] seed 140 random     hops=5 best=5.000000000 basins=1 0.01h
[138] seed 141 random     hops=5 best=5.000000000 basins=1 0.01h
[139] seed 142 structured hops=5 best=4.870828693 basins=2 0.01h
[140] seed 143 neighbour  hops=5 best=4.795833211 basins=4 0.01h
[141] seed 144 random     hops=5 best=4.707106781 basins=2 0.01h
[142] seed 145 random     hops=5 best=5.000000000 basins=1 0.01h
[143] seed 146 structured hops=5 best=4.771188955 basins=2 0.01h
[144] seed 147 neighbour  hops=5 best=4.822875656 basins=2 0.01h
[145] seed 148 random     hops=5 best=4.745584412 basins=4 0.01h
[146] seed 132 random     hops=5 best=4.767766953 basins=2 0.01h
[147] seed 133 random     hops=5 best=4.747429959 basins=3 0.01h
[148] seed 149 random     hops=5 best=5.000000000 basins=1 0.01h
[149] seed 150 structured hops=5 best=5.000000000 basins=1 0.02h
[150] seed 151 neighbour  hops=5 best=4.707106781 basins=2 0.02h
[151] seed 152 random     hops=5 best=4.707106781 basins=1 0.02h
[152] seed 153 random     hops=5 best=4.765138206 basins=3 0.02h
[153] seed 155 neighbour  hops=5 best=4.707106781 basins=2 0.02h
[154] seed 154 structured hops=5 best=5.000000000 basins=1 0.02h
[155] seed 156 random     hops=5 best=5.000000000 basins=1 0.02h
[156] seed 157 random     hops=5 best=4.755342034 basins=3 0.02h
[157] seed 158 structured hops=5 best=4.707106781 basins=4 0.02h
[158] seed 159 neighbour  hops=5 best=4.707106781 basins=3 0.02h
[159] seed 160 random     hops=5 best=5.000000000 basins=1 0.02h
[160] seed 162 structured hops=5 best=5.000000000 basins=1 0.02h
[161] seed 163 neighbour  hops=5 best=4.822875656 basins=1 0.02h
[162] seed 161 random     hops=5 best=4.677648295 basins=3 0.02h *best
[163] seed 164 random     hops=5 best=4.924003081 basins=2 0.02h
[164] seed 166 structured hops=5 best=4.728581300 basins=3 0.02h
[165] seed 168 random     hops=5 best=4.767766953 basins=1 0.02h
[166] seed 167 neighbour  hops=5 best=4.769703220 basins=4 0.02h
[167] seed 114 structured hops=5 best=4.828427125 basins=2 0.02h
[168] seed 169 random     hops=5 best=5.000000000 basins=1 0.02h
[169] seed 170 structured hops=5 best=5.000000000 basins=1 0.02h
[170] seed 171 neighbour  hops=5 best=4.738093783 basins=3 0.02h
[171] seed 172 random     hops=5 best=4.764088098 basins=4 0.02h
[172] seed 173 random     hops=5 best=4.795833211 basins=2 0.02h
[173] seed 174 structured hops=5 best=4.707106781 basins=3 0.02h
[174] seed 175 neighbour  hops=5 best=4.822875656 basins=1 0.02h
[175] seed 176 random     hops=5 best=5.000000000 basins=1 0.02h
[176] seed 177 random     hops=5 best=4.707106781 basins=2 0.02h
[177] seed 178 structured hops=5 best=5.000000000 basins=1 0.02h
[178] seed 179 neighbour  hops=5 best=4.767766953 basins=1 0.02h
[179] seed 180 random     hops=5 best=4.711321814 basins=3 0.02h
[180] seed 181 random     hops=5 best=5.000000000 basins=1 0.02h
[181] seed 182 structured hops=5 best=4.862794393 basins=2 0.02h
[182] seed 183 neighbour  hops=5 best=4.755342034 basins=3 0.02h
[183] seed 185 random     hops=5 best=5.000000000 basins=1 0.02h
[184] seed 186 structured hops=5 best=5.000000000 basins=1 0.02h
[185] seed 184 random     hops=5 best=4.825036652 basins=4 0.02h
[186] seed 187 neighbour  hops=5 best=4.767766953 basins=2 0.02h
[187] seed 190 structured hops=0 best=none basins=0 0.02h
[188] seed 188 random     hops=5 best=4.806973568 basins=3 0.02h
[189] seed 189 random     hops=5 best=5.000000000 basins=1 0.02h
[190] seed 192 random     hops=5 best=5.000000000 basins=1 0.02h
[191] seed 191 neighbour  hops=5 best=4.707106781 basins=2 0.02h
[192] seed 193 random     hops=5 best=4.767766953 basins=1 0.02h
[193] seed 194 structured hops=5 best=4.728581300 basins=2 0.02h
[194] seed 195 neighbour  hops=5 best=4.707106781 basins=1 0.02h
[195] seed 196 random     hops=5 best=4.707106781 basins=2 0.02h
[196] seed 198 structured hops=5 best=5.000000000 basins=1 0.02h
[197] seed 199 neighbour  hops=5 best=4.707106781 basins=2 0.02h
[198] seed 200 random     hops=5 best=4.707106781 basins=3 0.02h
[199] seed 201 random     hops=5 best=4.722252558 basins=3 0.02h
[200] seed 202 structured hops=5 best=5.000000000 basins=1 0.02h
[201] seed 203 neighbour  hops=5 best=4.822875656 basins=2 0.02h
[202] seed 204 random     hops=5 best=4.767766953 basins=2 0.02h
[203] seed 205 random     hops=5 best=5.000000000 basins=1 0.02h
[204] seed 206 structured hops=5 best=5.000000000 basins=1 0.02h
[205] seed 207 neighbour  hops=5 best=4.767766953 basins=1 0.02h
[206] seed 208 random     hops=5 best=5.000000000 basins=1 0.02h
[207] seed 209 random     hops=5 best=4.836099529 basins=5 0.02h
[208] seed 210 structured hops=5 best=5.000000000 basins=1 0.02h
[209] seed 165 random     hops=5 best=4.767766953 basins=5 0.02h
[210] seed 211 neighbour  hops=5 best=4.707106781 basins=5 0.02h
[211] seed 213 random     hops=5 best=5.000000000 basins=1 0.02h
[212] seed 212 random     hops=5 best=5.000000000 basins=1 0.02h
[213] seed 214 structured hops=5 best=5.000000000 basins=1 0.02h
[214] seed 215 neighbour  hops=5 best=4.795833211 basins=3 0.02h
[215] seed 216 random     hops=5 best=5.000000000 basins=1 0.02h
[216] seed 217 random     hops=5 best=4.786048253 basins=3 0.02h
[217] seed 218 structured hops=5 best=5.000000000 basins=1 0.02h
[218] seed 219 neighbour  hops=5 best=4.795840644 basins=2 0.02h
[219] seed 220 random     hops=5 best=5.000000000 basins=1 0.02h
[220] seed 221 random     hops=5 best=4.707106781 basins=4 0.02h
[221] seed 222 structured hops=5 best=4.728581300 basins=2 0.02h
[222] seed 223 neighbour  hops=5 best=4.767766953 basins=3 0.02h
[223] seed 225 random     hops=5 best=5.000000000 basins=1 0.02h
[224] seed 226 structured hops=5 best=4.707106781 basins=2 0.02h
[225] seed 227 neighbour  hops=5 best=4.767766953 basins=2 0.02h
[226] seed 224 random     hops=5 best=5.000000000 basins=1 0.02h
[227] seed 228 random     hops=5 best=4.707106781 basins=3 0.02h
[228] seed 229 random     hops=5 best=4.822875656 basins=3 0.02h
[229] seed 230 structured hops=5 best=5.000000000 basins=1 0.02h
[230] seed 231 neighbour  hops=5 best=4.707106781 basins=2 0.02h
[231] seed 232 random     hops=5 best=4.822875656 basins=2 0.02h
[232] seed 233 random     hops=5 best=4.707106781 basins=4 0.02h
[233] seed 234 structured hops=5 best=5.000000000 basins=1 0.02h
[234] seed 236 random     hops=5 best=4.707106781 basins=2 0.02h
[235] seed 235 neighbour  hops=5 best=4.767766953 basins=4 0.02h
[236] seed 237 random     hops=5 best=4.707106781 basins=2 0.02h
[237] seed 238 structured hops=5 best=4.707106781 basins=2 0.02h
[238] seed 239 neighbour  hops=5 best=4.767766953 basins=1 0.02h
[239] seed 240 random     hops=5 best=5.000000000 basins=1 0.02h
[240] seed 242 structured hops=5 best=5.000000000 basins=1 0.02h
[241] seed 243 neighbour  hops=5 best=4.728581300 basins=2 0.02h
[242] seed 241 random     hops=5 best=4.962738509 basins=3 0.02h
[243] seed 245 random     hops=5 best=5.000000000 basins=1 0.02h
[244] seed 244 random     hops=5 best=4.767766953 basins=2 0.02h
[245] seed 246 structured hops=5 best=5.000000000 basins=1 0.02h
[246] seed 249 random     hops=5 best=4.767766953 basins=4 0.02h
[247] seed 247 neighbour  hops=5 best=4.707106781 basins=1 0.02h
[248] seed 248 random     hops=5 best=4.730931643 basins=4 0.02h
[249] seed 250 structured hops=5 best=4.768117534 basins=2 0.02h
[250] seed 251 neighbour  hops=5 best=4.707106781 basins=3 0.02h
[251] seed 252 random     hops=5 best=5.000000000 basins=1 0.02h
[252] seed 255 neighbour  hops=5 best=4.822875656 basins=1 0.02h
[253] seed 253 random     hops=5 best=4.767766953 basins=1 0.02h
[254] seed 254 structured hops=5 best=5.000000000 basins=1 0.02h
[255] seed 257 random     hops=5 best=4.707106781 basins=2 0.03h
[256] seed 258 structured hops=5 best=5.000000000 basins=1 0.03h
[257] seed 256 random     hops=5 best=4.767766953 basins=6 0.03h
[258] seed 260 random     hops=5 best=5.000000000 basins=1 0.03h
[259] seed 261 random     hops=5 best=4.707106781 basins=2 0.03h
[260] seed 259 neighbour  hops=5 best=4.731504984 basins=5 0.03h
[261] seed 197 random     hops=5 best=4.806536941 basins=2 0.03h
[262] seed 262 structured hops=5 best=4.728581300 basins=2 0.03h
[263] seed 263 neighbour  hops=5 best=4.795833211 basins=3 0.03h
[264] seed 265 random     hops=5 best=4.822875656 basins=2 0.03h
[265] seed 266 structured hops=5 best=4.707106781 basins=2 0.03h
[266] seed 267 neighbour  hops=5 best=4.767766953 basins=2 0.03h
[267] seed 268 random     hops=5 best=4.755342034 basins=3 0.03h
[268] seed 269 random     hops=5 best=5.000000000 basins=1 0.03h
[269] seed 270 structured hops=5 best=5.000000000 basins=1 0.03h
[270] seed 271 neighbour  hops=5 best=4.822477059 basins=2 0.03h
[271] seed 272 random     hops=5 best=4.707106781 basins=5 0.03h
[272] seed 273 random     hops=5 best=4.814193159 basins=3 0.03h
[273] seed 274 structured hops=5 best=4.707106781 basins=3 0.03h
[274] seed 275 neighbour  hops=5 best=4.707106781 basins=3 0.03h
[275] seed 276 random     hops=5 best=4.767766953 basins=4 0.03h
[276] seed 277 random     hops=5 best=4.767766953 basins=3 0.03h
[277] seed 278 structured hops=5 best=5.000000000 basins=1 0.03h
[278] seed 279 neighbour  hops=5 best=4.804279937 basins=3 0.03h
[279] seed 280 random     hops=5 best=4.767766953 basins=2 0.03h
[280] seed 281 random     hops=5 best=4.767766953 basins=2 0.03h
[281] seed 282 structured hops=5 best=5.000000000 basins=1 0.03h
[282] seed 283 neighbour  hops=5 best=4.707106781 basins=3 0.03h
[283] seed 284 random     hops=5 best=5.000000000 basins=1 0.03h
[284] seed 285 random     hops=5 best=4.728581300 basins=4 0.03h
[285] seed 287 neighbour  hops=5 best=4.767766953 basins=4 0.03h
[286] seed 286 structured hops=5 best=5.000000000 basins=1 0.03h
[287] seed 290 structured hops=5 best=5.000000000 basins=1 0.03h
[288] seed 288 random     hops=5 best=4.707106781 basins=4 0.03h
[289] seed 289 random     hops=5 best=4.785719952 basins=5 0.03h
[290] seed 291 neighbour  hops=5 best=4.731035400 basins=5 0.03h
[291] seed 292 random     hops=5 best=4.767766953 basins=2 0.03h
[292] seed 293 random     hops=5 best=4.767766953 basins=3 0.03h
[293] seed 294 structured hops=5 best=4.728581300 basins=2 0.03h
[294] seed 295 neighbour  hops=5 best=4.822875656 basins=1 0.03h
[295] seed 296 random     hops=5 best=5.000000000 basins=1 0.03h
[296] seed 297 random     hops=5 best=5.000000000 basins=1 0.03h
[297] seed 298 structured hops=5 best=5.000000000 basins=1 0.03h
[298] seed 300 random     hops=5 best=4.822875656 basins=2 0.03h
[299] seed 301 random     hops=5 best=4.728581300 basins=1 0.03h
[300] seed 302 structured hops=5 best=5.000000000 basins=1 0.03h
[301] seed 303 neighbour  hops=5 best=4.707106781 basins=3 0.03h
[302] seed 304 random     hops=5 best=5.000000000 basins=1 0.03h
[303] seed 305 random     hops=5 best=5.000000000 basins=1 0.03h
[304] seed 306 structured hops=5 best=4.822875656 basins=3 0.03h
[305] seed 307 neighbour  hops=5 best=4.731035400 basins=2 0.03h
[306] seed 308 random     hops=5 best=5.000000000 basins=1 0.03h
[307] seed 310 structured hops=0 best=5.000000000 basins=1 0.03h
------------------------------------------------------------
chains 307, hops 1520, distinct basins 154, wall 0.03 h
best s = 4.677648295 (seed 161, via rerandomise)
record = 4.675530094; gap = +2.118e-03
lowest basins (s, visits): 4.6776483:3 4.6789264:2 4.6898573:3 4.6995083:1 4.7071068:148 4.7086725:3 4.7090121:2 4.7113218:3 4.7222526:2 4.7252015:1 4.7282743:1 4.7284983:1
