polish n=207 s0=14.893954942553 float64 violation 0.00e+00
  slsqp round 1: s=14.893954636252 iters=10 min_g=-1.75e-10 sat_viol=1.75e-10 cons=6096 (Positive directional derivative for linesearch)
  slsqp round 2: s=14.893954636252 iters=5 min_g=-1.75e-10 sat_viol=1.75e-10 cons=6096 (Positive directional derivative for linesearch)
  slsqp round 3: s=14.893954636252 iters=5 min_g=-1.75e-10 sat_viol=1.75e-10 cons=6096 (Positive directional derivative for linesearch)
  slsqp round 4: s=14.893954636252 iters=5 min_g=-1.75e-10 sat_viol=1.75e-10 cons=6096 (Positive directional derivative for linesearch)
  slsqp round 5: s=14.893954636252 iters=5 min_g=-1.75e-10 sat_viol=1.75e-10 cons=6096 (Positive directional derivative for linesearch)
  slsqp round 6: s=14.893954636252 iters=5 min_g=-1.75e-10 sat_viol=1.75e-10 cons=6096 (Positive directional derivative for linesearch)
  slsqp round 7: s=14.893954636252 iters=5 min_g=-1.75e-10 sat_viol=1.75e-10 cons=6096 (Positive directional derivative for linesearch)
  slsqp round 8: s=14.893954636252 iters=5 min_g=-1.75e-10 sat_viol=1.75e-10 cons=6096 (Positive directional derivative for linesearch)
  slsqp round 9: s=14.893954636252 iters=5 min_g=-1.75e-10 sat_viol=1.75e-10 cons=6096 (Positive directional derivative for linesearch)
  slsqp round 10: s=14.893954636252 iters=5 min_g=-1.75e-10 sat_viol=1.75e-10 cons=6096 (Positive directional derivative for linesearch)
  slsqp round 11: s=14.893954636252 iters=5 min_g=-1.75e-10 sat_viol=1.75e-10 cons=6096 (Positive directional derivative for linesearch)
  slsqp round 12: s=14.893954636252 iters=5 min_g=-1.75e-10 sat_viol=1.75e-10 cons=6096 (Positive directional derivative for linesearch)
  slp: s=14.893954634236 (-2.015e-09) steps accepted=9 rejected=17 min_g=-9.03e-12 sat_viol=9.03e-12 radius=3.9e-06
  stage A 401.9s
  active: 597 constraints (285 pair contacts, 33 wall contacts)
  newton 0: max |g_A| = 2.35e-10
  newton 1: max |g_A| = 1.42e-11
  newton 2: max |g_A| = 2.48e-14
  newton 3: max |g_A| = 1.74e-18
  newton 4: max |g_A| = 1.8e-26
  newton 5: max |g_A| = 1.03e-36
  newton 6: max |g_A| = 3.86e-47
  newton 7: max |g_A| = 8.01e-58
  verify: FAIL  n=207  s=14.893954634237315877  worst=3.8838e-7 at pair 100,112  (wall 2.2971e-50 wall 79 bottom; pair 3.8838e-7 pair 100,112; violations>1.0e-30: 1)
  inflating by 1.554e-06
  verify: PASS  n=207  s=14.893977772451047315  worst=0.0  (wall 0.0 -; pair 0.0 -; violations>1.0e-30: 0)
  verified -> verified/n207_s14.893977772451.json
RESULT 207.json: PASS s=14.8939777724510473146 gap_to_record=+2.283e-05 228 first-order flex(es); rattlers: [62, 67, 71, 73, 74, 76, 77, 89, 90, 100, 101, 102, 113, 123, 153, 168, 170, 171, 172, 173, 174, 175, 176, 177, 178, 179, 180, 181, 182, 183, 184, 185, 186, 187, 188, 189, 191, 203]
