RESULT n17_s4.675547772_seed27.json: PASS s=4.67553009360455095163 gap_to_record=+0.000e+00 6 first-order flex(es); rattlers: [6]
RESULT n17_s4.675555541_seed11.json: PASS s=4.67553009360455095163 gap_to_record=+0.000e+00 6 first-order flex(es); rattlers: [0]
RESULT n17_s4.675627320_seed7.json: PASS s=4.67553009360455095163 gap_to_record=+0.000e+00 6 first-order flex(es); rattlers: [14]
RESULT n17_s4.675631245_seed16.json: PASS s=4.67553009360455095163 gap_to_record=+0.000e+00 6 first-order flex(es); rattlers: [5]
RESULT n17_s4.677657784_seed29.json: PASS s=4.67764829496513302001 gap_to_record=+2.118e-03 10 first-order flex(es); rattlers: [3, 14]
RESULT n17_s4.677657839_seed17042.json: PASS s=4.67764829496513302001 gap_to_record=+2.118e-03 10 first-order flex(es); rattlers: [6, 14]
RESULT n17_s4.677663461_seed21.json: PASS s=4.67764829496513302001 gap_to_record=+2.118e-03 10 first-order flex(es); rattlers: [0, 9]
RESULT n17_s4.677671504_seed8.json: PASS s=4.67764829496513302001 gap_to_record=+2.118e-03 24 first-order flex(es); rattlers: [0, 2, 3, 6, 10, 11]
RESULT n17_s4.677677336_seed17.json: PASS s=4.67764829496513302001 gap_to_record=+2.118e-03 23 first-order flex(es); rattlers: [0, 5, 7, 8, 10]
RESULT n17_s4.677678626_seed13.json: PASS s=4.67764829496513302001 gap_to_record=+2.118e-03 22 first-order flex(es); rattlers: [0, 4, 6, 12, 15]
RESULT n17_s4.677683729_seed12.json: PASS s=4.67764829496513302001 gap_to_record=+2.118e-03 23 first-order flex(es); rattlers: [1, 4, 9, 12, 16]
RESULT n17_s4.677690347_seed25.json: PASS s=4.67764829496513302001 gap_to_record=+2.118e-03 24 first-order flex(es); rattlers: [0, 1, 2, 7, 10, 13]
RESULT n17_s4.677708683_seed4.json: PASS s=4.67764829496513302001 gap_to_record=+2.118e-03 24 first-order flex(es); rattlers: [1, 3, 5, 7, 9, 11]
RESULT n17_s4.677713077_seed18.json: PASS s=4.67764829496513302001 gap_to_record=+2.118e-03 21 first-order flex(es); rattlers: [1, 2, 7, 9, 15]
RESULT n17_s4.677823406_seed26.json: PASS s=4.67764829496513302001 gap_to_record=+2.118e-03 21 first-order flex(es); rattlers: [2, 5, 11]
RESULT n17_s4.678499056_seed20.json: PASS s=4.67764829496513302001 gap_to_record=+2.118e-03 18 first-order flex(es); rattlers: [6, 7]
RESULT n17_s4.679002203_seed15.json: PASS s=4.67892643207785679773 gap_to_record=+3.396e-03 14 first-order flex(es); rattlers: [6, 8, 16]
RESULT n17_s4.679049672_seed19.json: PASS s=4.67892643207785679773 gap_to_record=+3.396e-03 14 first-order flex(es); rattlers: [4, 5, 13]
RESULT n17_s4.683925513_seed6.json: PASS s=4.68383132122124564029 gap_to_record=+8.301e-03 7 first-order flex(es); rattlers: [7]
RESULT n17_s4.688123023_seed17007.json: PASS s=4.68810339257408552762 gap_to_record=+1.257e-02 23 first-order flex(es); rattlers: [4, 8, 10, 11, 16]
