polish n=210 s0=14.974133418864 float64 violation 0.00e+00
  slsqp round 1: s=14.973848077071 iters=12 min_g=-1.25e-07 sat_viol=1.25e-07 cons=6036 (Positive directional derivative for linesearch)
  slsqp round 2: s=14.973815917209 iters=49 min_g=-5.72e-08 sat_viol=5.72e-08 cons=6036 (Positive directional derivative for linesearch)
  slsqp round 3: s=14.973814411680 iters=9 min_g=-3.96e-06 sat_viol=3.96e-06 cons=6036 (Positive directional derivative for linesearch)
  slsqp round 4: s=14.973813363265 iters=19 min_g=-2.44e-10 sat_viol=2.44e-10 cons=6036 (Positive directional derivative for linesearch)
  slsqp round 5: s=14.973813363265 iters=5 min_g=-2.44e-10 sat_viol=2.44e-10 cons=6036 (Positive directional derivative for linesearch)
  slsqp round 6: s=14.973813363265 iters=5 min_g=-2.44e-10 sat_viol=2.44e-10 cons=6036 (Positive directional derivative for linesearch)
  slsqp round 7: s=14.973813363265 iters=5 min_g=-2.44e-10 sat_viol=2.44e-10 cons=6036 (Positive directional derivative for linesearch)
  slsqp round 8: s=14.973813363265 iters=5 min_g=-2.44e-10 sat_viol=2.44e-10 cons=6036 (Positive directional derivative for linesearch)
  slsqp round 9: s=14.973813363265 iters=5 min_g=-2.44e-10 sat_viol=2.44e-10 cons=6036 (Positive directional derivative for linesearch)
  slsqp round 10: s=14.973813363265 iters=5 min_g=-2.44e-10 sat_viol=2.44e-10 cons=6036 (Positive directional derivative for linesearch)
  slsqp round 11: s=14.973813363265 iters=5 min_g=-2.44e-10 sat_viol=2.44e-10 cons=6036 (Positive directional derivative for linesearch)
  slsqp round 12: s=14.973813363265 iters=5 min_g=-2.44e-10 sat_viol=2.44e-10 cons=6036 (Positive directional derivative for linesearch)
  slp: s=14.973813332427 (-3.084e-08) steps accepted=8 rejected=12 min_g=-9.90e-14 sat_viol=9.86e-14 radius=6.3e-05
  stage A 338.6s
  active: 1040 constraints (516 pair contacts, 51 wall contacts)
  newton 0: max |g_A| = 1.53e-11
  newton 1: max |g_A| = 5.58e-22
  newton 2: max |g_A| = 1.45e-36
  newton 3: max |g_A| = 1.54e-50
  verify exact: PASS  n=210  s=14.973813332426634761  worst=7.2699e-49 at pair 206,207  (wall 3.2741e-50 wall 27 left; pair 7.2699e-49 pair 206,207; violations>1.0e-30: 0)
  verified -> verified/n210_s14.973813332427.json
RESULT 210.json: PASS s=14.9738133324266347610 gap_to_record=-3.201e-04 36 first-order flex(es); rattlers: [96, 106]

##############################################################################
##############################################################################
  POSSIBLE NEW RECORD  n = 210
  old record s = 14.974133418864045927234347148555780799202936120456
  new s        = 14.973813332426634761042501167364470163682051966822
  margin       = 0.000320086437411
  written: RECORD_CANDIDATE_n210.json, RECORD_CANDIDATE_n210.svg
##############################################################################
##############################################################################
  re-verifying in a fresh process ...
  /Users/rg/Documents/IGCSE/Mathematics/Packing Problem/RECORD_CANDIDATE_n210.json: PASS  n=210  s=14.973813332426634761  worst=7.2699e-49 at pair 206,207  (wall 3.2741e-50 wall 27 left; pair 7.2699e-49 pair 206,207; violations>1.0e-30: 0)
  FRESH-PROCESS VERIFICATION PASSED: record candidate stands
