RESULT n17_s4.677654270_seed102438.json: PASS s=4.67764829496513302001 gap_to_record=+2.118e-03 10 first-order flex(es); rattlers: [1, 6]
RESULT n17_s4.677654957_seed102608.json: PASS s=4.67764829496513302001 gap_to_record=+2.118e-03 10 first-order flex(es); rattlers: [7, 11]
RESULT n17_s4.677659970_seed102703.json: PASS s=4.67764829496513302001 gap_to_record=+2.118e-03 10 first-order flex(es); rattlers: [3, 4]
RESULT n17_s4.677660159_seed101056.json: PASS s=4.67764829496513302001 gap_to_record=+2.118e-03 10 first-order flex(es); rattlers: [2, 15]
RESULT n17_s4.677660300_seed101498.json: PASS s=4.67764829496513302001 gap_to_record=+2.118e-03 10 first-order flex(es); rattlers: [6, 7]
RESULT n17_s4.677660382_seed100287.json: PASS s=4.67764829496513302001 gap_to_record=+2.118e-03 10 first-order flex(es); rattlers: [3, 5]
RESULT n17_s4.677660412_seed101037.json: PASS s=4.67764829496513302001 gap_to_record=+2.118e-03 10 first-order flex(es); rattlers: [0, 11]
RESULT n17_s4.677660538_seed102644.json: PASS s=4.67764829496513302001 gap_to_record=+2.118e-03 10 first-order flex(es); rattlers: [6, 12]
RESULT n17_s4.677661131_seed101933.json: PASS s=4.67764829496513302001 gap_to_record=+2.118e-03 10 first-order flex(es); rattlers: [2, 5]
RESULT n17_s4.677664752_seed101336.json: PASS s=4.67764829496513302001 gap_to_record=+2.118e-03 10 first-order flex(es); rattlers: [5, 14]
RESULT n17_s4.677696294_seed101556.json: PASS s=4.67764829496513302001 gap_to_record=+2.118e-03 21 first-order flex(es); rattlers: [0, 2, 4, 9, 14]
RESULT n17_s4.677703047_seed100084.json: PASS s=4.67764829496513302001 gap_to_record=+2.118e-03 24 first-order flex(es); rattlers: [2, 4, 8, 9, 12, 14]
RESULT n17_s4.677705612_seed102354.json: PASS s=4.67764829496513302001 gap_to_record=+2.118e-03 23 first-order flex(es); rattlers: [1, 5, 8, 13, 14]
RESULT n17_s4.677747591_seed101176.json: PASS s=4.67764829496513302001 gap_to_record=+2.118e-03 8 first-order flex(es); rattlers: [15]
RESULT n17_s4.677749127_seed102057.json: PASS s=4.67764829496513302001 gap_to_record=+2.118e-03 10 first-order flex(es); rattlers: [7, 9]
RESULT n17_s4.679017239_seed100264.json: PASS s=4.67892643207785679773 gap_to_record=+3.396e-03 14 first-order flex(es); rattlers: [10, 13, 14]
RESULT n17_s4.680188931_seed101030.json: PASS s=4.68012531131999664135 gap_to_record=+4.595e-03 9 first-order flex(es); rattlers: none
RESULT n17_s4.680214477_seed101859.json: PASS s=4.68012531131999664135 gap_to_record=+4.595e-03 14 first-order flex(es); rattlers: [7, 15, 16]
RESULT n17_s4.680233155_seed100675.json: PASS s=4.68012531131999664135 gap_to_record=+4.595e-03 13 first-order flex(es); rattlers: [2]
RESULT n17_s4.682221050_seed101772.json: PASS s=4.68197992037917852221 gap_to_record=+6.450e-03 13 first-order flex(es); rattlers: [2, 13]
RESULT n17_s4.682837798_seed101905.json: PASS s=4.68271639412395912411 gap_to_record=+7.186e-03 5 first-order flex(es); rattlers: [2]
RESULT n17_s4.688108202_seed101867.json: PASS s=4.68810339257408552762 gap_to_record=+1.257e-02 10 first-order flex(es); rattlers: [1, 7]
RESULT n17_s4.688110838_seed102955.json: PASS s=4.68810339257408552762 gap_to_record=+1.257e-02 10 first-order flex(es); rattlers: [1, 11]
RESULT n17_s4.688112280_seed101326.json: PASS s=4.68810339257408552762 gap_to_record=+1.257e-02 19 first-order flex(es); rattlers: [0, 5, 9, 11, 12]
RESULT n17_s4.688127704_seed100010.json: PASS s=4.68810339257408552762 gap_to_record=+1.257e-02 19 first-order flex(es); rattlers: [0, 2, 5, 6, 9]
RESULT n17_s4.688150715_seed101734.json: PASS s=4.68810339257408552762 gap_to_record=+1.257e-02 19 first-order flex(es); rattlers: [1, 7, 8, 10, 11]
